TACC:  Starting up job 7647427 
TACC:  Starting parallel tasks... 
Executable      : /home1/apps/intel23/impi21_9/siesta/5.4.1/bin/siesta
Version         : 5.4.1
Architecture    : x86_64
Compiler version: IntelLLVM-2023.1.0
Compiler flags  : -g -O2 -xHost -fp-model=strict
Parallelisations: MPI
ELSI support. Solvers:
   ELPA (internal) 
   NTPoly
   OMM
DFT-D3 support
Wannier90 wrapper support

Runtime information:
* Directory : /scratch2/10456/cchiu2793/template_run
* Running in serial mode (only 1 MPI rank).
>> Start of run:  10-APR-2026  16:16:02

                           *********************** 
                           *  WELCOME TO SIESTA  * 
                           *********************** 

 NOTE: Siesta V5 introduces some new defaults for basis-set generation
 NOTE: which might lead to slightly different numerical results.
 NOTE: Please see the manual for full details and compatibility measures.


reinit: Reading from standard input
reinit: Dumping input in INPUT_TMP.07409
************************** Dump of input data file ****************************
SystemName WSe2
SystemLabel WSe2
NumberOfAtoms 3
NumberOfSpecies 2
%block ChemicalSpeciesLabel
1  74 W
2  34 Se
%endblock ChemicalSpeciesLabel
LatticeConstant 1.0 Ang
%block LatticeVectors
3.29999998918451 0.00000000000000 0.00000000000000
1.64999998377677 2.85788382936649 0.00000000000000
0.00000000000000 0.00000000000000 25
%endblock LatticeVectors
AtomicCoordinatesFormat Fractional
%block AtomicCoordinatesAndAtomicSpecies
0.000000000   0.000000000   0.500000000 1
0.666666666   0.666666666   0.567482495 2
0.666666666   0.666666666   0.432517505 2
%endblock AtomicCoordinatesAndAtomicSpecies
Spin spin-orbit
%block DM.InitSpin
%endblock DM.InitSpin
PAO.BasisSize DZP
XC.functional GGA
XC.authors    PBE
%block kgrid_Monkhorst_Pack
  15 0 0 0.0
  0  15 0 0.0
  0  0 1  0.0
%endblock Kgrid_Monkhorst_Pack
MeshCutoff         120 Ry
MaxSCFIterations     500
DM.MixingWeight      0.2
DM.NumberPulay       5
DM.Tolerance         1.d-7
DM.MixSCF1 .true.
SolutionMethod diagon
Diag.ParallelOverK true
DM.UseSaveDM true
SaveHS true
WriteEigenvectors true
SaveEigenvectors ./
WFS.Write.For.Bands T
BandLinesScale ReciprocalLatticeVectors
%block BandLines
1 0.66666667 0.33333333 0
1 0.66667667 0.33333833 0
1 0.66665667 0.33332833 0
1 0.66666667 0.33332467 0
1 0.66666667 0.33334199 0
%endblock BandLines
************************** End of input data file *****************************
*** WARNING:  FDF module: fdf_read: block DM.InitSpin is empty...

reinit: -----------------------------------------------------------------------
reinit: System Name: WSe2
reinit: -----------------------------------------------------------------------
reinit: System Label: WSe2
reinit: -----------------------------------------------------------------------

NOTE on units for spin output: 
{S} is the spin magnetic moment, in units of the Bohr magneton,
assuming a g-factor for the electron spin of exactly 2.
The spin magnetic moment is then numerically equal to the charge inbalance,
in units of electrons, between the spin-up and -down channels.


initatom: Reading input for the pseudopotentials and atomic orbitals ----------
Species number:   1 Atomic number:   74 Label: W
Species number:   2 Atomic number:   34 Label: Se
 
Ground state valence configuration (from tables):   6s02  6p00  5d04  5f00
Ground state valence configuration (from tables):   4s02  4p04  4d00  4f00

---- Processing specs for species: W
Reading pseudopotential information in PSML from:
  W.psml
PSML file version: 1.1
Using libxc ids:  101 130
GGA--PBE XC_GGA_X_PBE--XC_GGA_C_PBE pb
PSML uuid: aa7a7c90-4224-11e8-4f8b-f188ff7dd6fa
Semicore shell(s) with  8 electrons included in the valence for W

---- Processing specs for species: Se
Reading pseudopotential information in PSML from:
  Se.psml
PSML file version: 1.1
Using libxc ids:  101 130
GGA--PBE XC_GGA_X_PBE--XC_GGA_C_PBE pb
PSML uuid: 1006d1e0-4305-11e8-770d-7c1cfffca646
Semicore shell(s) with 10 electrons included in the valence for Se

---- Pseudopotential check for W 

Pseudopotential generated from a fully relativistic atomic calculation
There are spin-orbit semi-local pseudopotentials available

Pseudized shells:
5s( 2.00) rc: 1.61
5p( 6.00) rc: 1.61
5d( 4.00) rc: 1.61
5f( 0.00) rc: 2.02
Valence configuration for ps generation: 5s:5p:5d:6s: Total charge:  14.000000
Semicore shell(s): 5s 5p
Fallback to non-perturbative polarization scheme for W
Please see the manual if this is not desired in principle

---- Pseudopotential check for Se

Pseudopotential generated from a fully relativistic atomic calculation
There are spin-orbit semi-local pseudopotentials available

Pseudized shells:
4s( 2.00) rc: 1.82
4p( 4.00) rc: 1.50
3d(10.00) rc: 1.91
Valence configuration for ps generation: 3d:4s:4p: Total charge:  16.000000
Semicore shell(s): 3d
Fallback to non-perturbative polarization scheme for Se
Please see the manual if this is not desired in principle
For W, standard SIESTA heuristics set lmxkb to 3
 (one more than the basis l, including polarization orbitals).
Use PS.lmax or PS.KBprojectors blocks to override.
For Se, standard SIESTA heuristics set lmxkb to 3
 (one more than the basis l, including polarization orbitals).
Use PS.lmax or PS.KBprojectors blocks to override.
Se pseudopotential only contains V_ls up to l=2 -- lmxkb reset.

<basis_specs>
===============================================================================
W                    Z=  74    Mass=  183.84        Charge= 0.17977+309
Lmxo=2 Lmxkb= 3    BasisType=split      Semic=T
L=0  Nsemic=1  Cnfigmx=6
          i=1  nzeta=1  polorb=0  (5s)  (semicore shell)
            splnorm:   0.15000    
               vcte:    40.000    
               rinn:  -0.90000    
               qcoe:    0.0000    
               qyuk:    0.0000    
               qwid:   0.10000E-01
                rcs:    0.0000    
            lambdas:    1.0000    
          i=2  nzeta=2  polorb=0  (6s)  (to be polarized non-perturbatively)
            splnorm:   0.15000    
               vcte:    40.000    
               rinn:  -0.90000    
               qcoe:    0.0000    
               qyuk:    0.0000    
               qwid:   0.10000E-01
                rcs:    0.0000      0.0000    
            lambdas:    1.0000      1.0000    
L=1  Nsemic=1  Cnfigmx=6
          i=1  nzeta=1  polorb=0  (5p)  (semicore shell)
            splnorm:   0.15000    
               vcte:    40.000    
               rinn:  -0.90000    
               qcoe:    0.0000    
               qyuk:    0.0000    
               qwid:   0.10000E-01
                rcs:    0.0000    
            lambdas:    1.0000    
          i=2  nzeta=1  polorb=0  (6p)  (non-perturbative polarization shell)
            splnorm:   0.15000    
               vcte:    40.000    
               rinn:  -0.90000    
               qcoe:    0.0000    
               qyuk:    0.0000    
               qwid:   0.10000E-01
                rcs:    0.0000    
            lambdas:    1.0000    
L=2  Nsemic=0  Cnfigmx=5
          i=1  nzeta=2  polorb=0  (5d)
            splnorm:   0.15000    
               vcte:    40.000    
               rinn:  -0.90000    
               qcoe:    0.0000    
               qyuk:    0.0000    
               qwid:   0.10000E-01
                rcs:    0.0000      0.0000    
            lambdas:    1.0000      1.0000    
-------------------------------------------------------------------------------
L=0  Nkbl=2  erefs: 0.17977+309 0.17977+309
L=1  Nkbl=2  erefs: 0.17977+309 0.17977+309
L=2  Nkbl=1  erefs: 0.17977+309
L=3  Nkbl=1  erefs: 0.17977+309
===============================================================================
</basis_specs>

Using PAO.SplitTailNorm
atom: Called for W                     (Z =  74)
Maximum radius (at nrval) set to   50.00000 8518

read_vps: Pseudopotential generation method:
read_vps: ONCVPSP-3.Hamann's oncvpsp                        
Valence charge in pseudo generation:   14.00000

read_vps: Pseudopotential includes a core correction:
read_vps: Pseudo-core for xc-correction

xc_check: Exchange-correlation functional:
xc_check: GGA Perdew, Burke & Ernzerhof 1996
Got Vlocal (oncv-fit) from psml data
Choosing vlocal chloc cutoff:  4.952104
qtot up to nchloc:   13.99980285
atom: Maximum radius for chlocal:    4.95210
atom: Maximum radius for r*vlocal+2*Zval:    4.95210
Reading KB projs from W psml data
Using lj projectors in PSML file

PSML: Kleinman-Bylander projectors: 
   l= 0   rc=  1.630219   Ekb=  3.682478
   l= 0   rc=  1.630219   Ekb= 26.005903
j- l= 1   rc=  1.630219   Ekb=  2.792811
j+ l= 1   rc=  1.631860   Ekb=  2.781870
j- l= 1   rc=  1.630219   Ekb= 16.868680
j+ l= 1   rc=  1.630219   Ekb= 18.601262
j- l= 2   rc=  1.631860   Ekb=  1.058539
j+ l= 2   rc=  1.631860   Ekb=  1.000898
j- l= 2   rc=  1.631860   Ekb=  8.883367
j+ l= 2   rc=  1.631860   Ekb=  8.974346
j- l= 3   rc=  2.046139   Ekb=  1.760120
j+ l= 3   rc=  2.046139   Ekb=  1.779926
j- l= 3   rc=  2.046139   Ekb= 74.891207
j+ l= 3   rc=  2.046139   Ekb=125.668686

PSML: Total number of  Kleinman-Bylander projectors:  62
atom: -------------------------------------------------------------------------

atom: SANKEY-TYPE ORBITALS:
atom: Selected multiple-zeta basis: split     

SPLIT: Orbitals with angular momentum L= 0

SPLIT: Basis orbitals for state 5s

SPLIT: PAO cut-off radius determined from an
SPLIT: energy shift=  0.010000 Ry
Split based on tail norm

   izeta = 1
                 lambda =    1.000000
                     rc =    2.776621
                 energy =   -5.785793
                kinetic =    2.206942
    potential(screened) =   -7.992735
       potential(ionic) =  -24.416842

SPLIT: Basis orbitals for state 6s

SPLIT: PAO cut-off radius determined from an
SPLIT: energy shift=  0.010000 Ry
Split based on tail norm

   izeta = 1
                 lambda =    1.000000
                     rc =    6.694841
                 energy =   -0.475606
                kinetic =    1.160346
    potential(screened) =   -1.635952
       potential(ionic) =  -11.460224

   izeta = 2
                 rmatch =    4.947144
              splitnorm =    0.150000
                 energy =   -0.286153
                kinetic =    2.131789
    potential(screened) =   -2.417942
       potential(ionic) =  -14.023619

SPLIT: Orbitals with angular momentum L= 1

SPLIT: Basis orbitals for state 5p

SPLIT: PAO cut-off radius determined from an
SPLIT: energy shift=  0.010000 Ry
Split based on tail norm

   izeta = 1
                 lambda =    1.000000
                     rc =    3.286396
                 energy =   -3.177706
                kinetic =    3.725424
    potential(screened) =   -6.903130
       potential(ionic) =  -22.518451

SPLIT: Basis orbitals for state 6p
SPLIT: Non-perturbative polarization orbs for state 6s
SPLIT: rc(1st zeta) (re)set to: 6.6948 (expansion factor: 1.0000)
Split based on tail norm

   izeta = 1
                 lambda =    1.000000
                     rc =    6.694841
                 energy =   -0.015416
                kinetic =    1.034466
    potential(screened) =   -1.049881
       potential(ionic) =   -9.139279

SPLIT: Orbitals with angular momentum L= 2

SPLIT: Basis orbitals for state 5d

SPLIT: PAO cut-off radius determined from an
SPLIT: energy shift=  0.010000 Ry
Split based on tail norm

   izeta = 1
                 lambda =    1.000000
                     rc =    5.657963
                 energy =   -0.317677
                kinetic =    3.289115
    potential(screened) =   -3.606792
       potential(ionic) =  -16.222317

   izeta = 2
                 rmatch =    3.916820
              splitnorm =    0.150000
                 energy =   -0.198013
                kinetic =    4.309363
    potential(screened) =   -4.507376
       potential(ionic) =  -18.316973
atom: Total number of Sankey-type orbitals: 19

atm_pop: Valence configuration (for local Pseudopot. screening):
 5s( 2.00) 6s( 2.00)                                                  
 5p( 6.00) 6p( 0.00)                                                  
 5d( 4.00)                                                            
Vna: chval, zval:   14.00000  14.00000

Vna:  Cut-off radius for the neutral-atom potential:   6.694841
comcore: Pseudo-core radius Rcore=  3.039049

atom: _________________________________________________________________________

<basis_specs>
===============================================================================
Se                   Z=  34    Mass=  78.971        Charge= 0.17977+309
Lmxo=2 Lmxkb= 2    BasisType=split      Semic=T
L=0  Nsemic=0  Cnfigmx=4
          i=1  nzeta=2  polorb=0  (4s)
            splnorm:   0.15000    
               vcte:    40.000    
               rinn:  -0.90000    
               qcoe:    0.0000    
               qyuk:    0.0000    
               qwid:   0.10000E-01
                rcs:    0.0000      0.0000    
            lambdas:    1.0000      1.0000    
L=1  Nsemic=0  Cnfigmx=4
          i=1  nzeta=2  polorb=0  (4p)  (to be polarized non-perturbatively)
            splnorm:   0.15000    
               vcte:    40.000    
               rinn:  -0.90000    
               qcoe:    0.0000    
               qyuk:    0.0000    
               qwid:   0.10000E-01
                rcs:    0.0000      0.0000    
            lambdas:    1.0000      1.0000    
L=2  Nsemic=1  Cnfigmx=4
          i=1  nzeta=1  polorb=0  (3d)  (semicore shell)
            splnorm:   0.15000    
               vcte:    40.000    
               rinn:  -0.90000    
               qcoe:    0.0000    
               qyuk:    0.0000    
               qwid:   0.10000E-01
                rcs:    0.0000    
            lambdas:    1.0000    
          i=2  nzeta=1  polorb=0  (4d)  (non-perturbative polarization shell)
            splnorm:   0.15000    
               vcte:    40.000    
               rinn:  -0.90000    
               qcoe:    0.0000    
               qyuk:    0.0000    
               qwid:   0.10000E-01
                rcs:    0.0000    
            lambdas:    1.0000    
-------------------------------------------------------------------------------
L=0  Nkbl=1  erefs: 0.17977+309
L=1  Nkbl=1  erefs: 0.17977+309
L=2  Nkbl=2  erefs: 0.17977+309 0.17977+309
===============================================================================
</basis_specs>

Using PAO.SplitTailNorm
atom: Called for Se                    (Z =  34)
Maximum radius (at nrval) set to   50.00000 8518

read_vps: Pseudopotential generation method:
read_vps: ONCVPSP-3.Hamann's oncvpsp                        
Valence charge in pseudo generation:   16.00000

read_vps: Pseudopotential includes a core correction:
read_vps: Pseudo-core for xc-correction

xc_check: Exchange-correlation functional:
xc_check: GGA Perdew, Burke & Ernzerhof 1996
Got Vlocal (oncv-fit) from psml data
Choosing vlocal chloc cutoff:  3.091326
qtot up to nchloc:   15.99978763
atom: Maximum radius for chlocal:    3.09133
atom: Maximum radius for r*vlocal+2*Zval:    3.09133
Reading KB projs from Se psml data
Using lj projectors in PSML file

PSML: Kleinman-Bylander projectors: 
   l= 0   rc=  1.841192   Ekb=  2.023315
   l= 0   rc=  1.841192   Ekb= 17.961052
j- l= 1   rc=  1.522392   Ekb=  2.370081
j+ l= 1   rc=  1.522392   Ekb=  2.655022
j- l= 1   rc=  1.522392   Ekb= 12.599568
j+ l= 1   rc=  1.522392   Ekb= 14.241848
j- l= 2   rc=  1.932216   Ekb=-18.555349
j+ l= 2   rc=  1.932216   Ekb=-18.474796
j- l= 2   rc=  1.932216   Ekb= -7.525332
j+ l= 2   rc=  1.932216   Ekb= -7.466893

PSML: Total number of  Kleinman-Bylander projectors:  34
atom: -------------------------------------------------------------------------

atom: SANKEY-TYPE ORBITALS:
atom: Selected multiple-zeta basis: split     

SPLIT: Orbitals with angular momentum L= 0

SPLIT: Basis orbitals for state 4s

SPLIT: PAO cut-off radius determined from an
SPLIT: energy shift=  0.010000 Ry
Split based on tail norm

   izeta = 1
                 lambda =    1.000000
                     rc =    4.566021
                 energy =   -1.258436
                kinetic =    0.908171
    potential(screened) =   -2.166607
       potential(ionic) =  -19.040539

   izeta = 2
                 rmatch =    3.198584
              splitnorm =    0.150000
                 energy =   -0.675101
                kinetic =    1.993660
    potential(screened) =   -2.668761
       potential(ionic) =  -21.105126

SPLIT: Orbitals with angular momentum L= 1

SPLIT: Basis orbitals for state 4p

SPLIT: PAO cut-off radius determined from an
SPLIT: energy shift=  0.010000 Ry
Split based on tail norm

   izeta = 1
                 lambda =    1.000000
                     rc =    5.830578
                 energy =   -0.466875
                kinetic =    1.193159
    potential(screened) =   -1.660034
       potential(ionic) =  -16.104158

   izeta = 2
                 rmatch =    4.142995
              splitnorm =    0.150000
                 energy =   -0.317762
                kinetic =    1.774206
    potential(screened) =   -2.091968
       potential(ionic) =  -18.481256

SPLIT: Orbitals with angular momentum L= 2

SPLIT: Basis orbitals for state 3d

SPLIT: PAO cut-off radius determined from an
SPLIT: energy shift=  0.010000 Ry
Split based on tail norm

   izeta = 1
                 lambda =    1.000000
                     rc =    2.359857
                 energy =   -3.889371
                kinetic =   15.157097
    potential(screened) =  -19.046468
       potential(ionic) =  -43.608994

SPLIT: Basis orbitals for state 4d
SPLIT: Non-perturbative polarization orbs for state 4p
SPLIT: rc(1st zeta) (re)set to: 5.8306 (expansion factor: 1.0000)
Split based on tail norm

   izeta = 1
                 lambda =    1.000000
                     rc =    5.830578
                 energy =    0.578450
                kinetic =    1.141058
    potential(screened) =   -0.562608
       potential(ionic) =   -9.779052
atom: Total number of Sankey-type orbitals: 18

atm_pop: Valence configuration (for local Pseudopot. screening):
 4s( 2.00)                                                            
 4p( 4.00)                                                            
 3d(10.00) 4d( 0.00)                                                  
Vna: chval, zval:   16.00000  16.00000

Vna:  Cut-off radius for the neutral-atom potential:   5.830578
comcore: Pseudo-core radius Rcore=  2.501373

atom: _________________________________________________________________________

prinput: Basis input 

PAO.BasisType split     

%block ChemicalSpeciesLabel
    1   74 W                       # Species index, atomic number, species label
    2   34 Se                      # Species index, atomic number, species label
%endblock ChemicalSpeciesLabel

%block PAO.Basis                 # Define Basis set
# WARNING: This information might be incomplete!
W                     5                    # Species label, number of l-shells
 n=5   0   1                         # n, l, Nzeta 
   2.777   
   1.000   
 n=6   0   2                         # n, l, Nzeta 
   6.695      4.947   
   1.000      1.000   
 n=5   1   1                         # n, l, Nzeta 
   3.286   
   1.000   
 n=6   1   1                         # n, l, Nzeta 
   6.695   
   1.000   
 n=5   2   2                         # n, l, Nzeta 
   5.658      3.917   
   1.000      1.000   
Se                    4                    # Species label, number of l-shells
 n=4   0   2                         # n, l, Nzeta 
   4.566      3.199   
   1.000      1.000   
 n=4   1   2                         # n, l, Nzeta 
   5.831      4.143   
   1.000      1.000   
 n=3   2   1                         # n, l, Nzeta 
   2.360   
   1.000   
 n=4   2   1                         # n, l, Nzeta 
   5.831   
   1.000   
%endblock PAO.Basis

prinput: ----------------------------------------------------------------------

coor:   Atomic-coordinates input format  =     Fractional

siesta: Atomic coordinates (Bohr) and species
siesta:      0.00000   0.00000  23.62158  1        1
siesta:      6.23610   3.60041  26.80966  2        2
siesta:      6.23610   3.60041  20.43349  2        3

siesta: System type = slab      

initatomlists: Number of atoms, orbitals, and projectors:      3    55   130

siesta: ******************** Simulation parameters ****************************
siesta:
siesta: The following are some of the parameters of the simulation.
siesta: A complete list of the parameters used, including default values,
siesta: can be found in file out.fdf
siesta:
redata: Spin configuration                          = spin-orbit+offsite
redata: Number of spin components                   = 8
redata: Time-Reversal Symmetry                      = F
redata: Spin spiral                                 = F
redata: Long output                                 =   F
redata: Number of Atomic Species                    =        2
redata: Charge density info will appear in .RHO file
redata: Write Mulliken charges (when)               = none
redata: Write Mulliken Pop.                         = NO
redata: Write Hirshfeld charges (when)              = none
redata: Write Voronoi charges (when)                = none
redata: Write spin charge (when)                    = scf
redata: Matel table size (NRTAB)                    =     1024
redata: Mesh Cutoff                                 =   120.0000 Ry
redata: Net charge of the system                    =     0.0000 |e|
redata: Min. number of SCF Iter                     =        0
redata: Max. number of SCF Iter                     =      500
redata: SCF convergence failure will abort job
redata: SCF mix quantity                            = Hamiltonian
redata: Mix DM or H after convergence               =   F
redata: Recompute H after scf cycle                 =   F
redata: Mix DM in first SCF step                    =   T
redata: Write Pulay info on disk                    =   F
redata: New DM Occupancy tolerance                  = 0.000000000001
redata: No kicks to SCF
redata: DM Mixing Weight for Kicks                  =     0.5000
redata: Require Harris convergence for SCF          =   F
redata: Harris energy tolerance for SCF             =     0.000100 eV
redata: Require DM convergence for SCF              =   T
redata: DM tolerance for SCF                        =     0.000000
redata: Require EDM convergence for SCF             =   F
redata: EDM tolerance for SCF                       =     0.001000 eV
redata: Require H convergence for SCF               =   T
redata: Hamiltonian tolerance for SCF               =     0.001000 eV
redata: Require (free) Energy convergence for SCF   =   F
redata: (free) Energy tolerance for SCF             =     0.000100 eV
redata: Using DFT-D3 dispersion                     =   F
redata: Using Saved Data (generic)                  =   F
redata: Use continuation files for DM               =   T
redata: Neglect nonoverlap interactions             =   F
redata: Method of Calculation                       = Diagonalization
redata: Electronic Temperature                      =   300.0000 K
redata: Fix the spin of the system                  =   F
redata: Split SR and SO contributions               =   F
redata: Max. number of TDED Iter                    =        1
redata: Number of TDED substeps                     =        3
redata: Dynamics option                             = Single-point calculation
mix.SCF: Pulay mixing                            = Pulay
mix.SCF:    Variant                              = stable
mix.SCF:    History steps                        = 5
mix.SCF:    Linear mixing weight                 =     0.200000
mix.SCF:    Mixing weight                        =     0.200000
mix.SCF:    SVD condition                        = 0.1000E-07
mix.SCF: Spin-component mixing                   all
FFT: Using FFTW.
redata: ***********************************************************************

%block SCF.Mixers
  Pulay
%endblock SCF.Mixers

%block SCF.Mixer.Pulay
  # Mixing method
  method pulay
  variant stable

  # Mixing options
  weight 0.2000
  weight.linear 0.2000
  history 5
%endblock SCF.Mixer.Pulay
 
DM_history_depth set to one: no extrapolation allowed by default for geometry relaxation
Size of DM history Fstack: 1
Total number of electrons:    46.000000
Total ionic charge:    46.000000

* ProcessorY, Blocksize:    1  56


* Orbital distribution balance (max,min):    55    55


Time-reversal symmetry not used.

siesta: k-grid: Number of k-points = 225
siesta: k-points from Monkhorst-Pack grid
siesta: k-cutoff (effective) =    12.500 Ang
siesta: k-point supercell and displacements
siesta: k-grid:    15     0     0      0.000
siesta: k-grid:     0    15     0      0.000
siesta: k-grid:     0     0     1      0.000
 
diag: Algorithm                                     = D&C
diag: Parallel over k                               =   F
diag: Use parallel 2D distribution                  =   F
diag: Parallel block-size                           = 56
diag: Parallel distribution                         =     1 x     1
diag: Used triangular part                          = Lower
diag: Absolute tolerance                            =  0.100E-15
diag: Orthogonalization factor                      =  0.100E-05
diag: Memory factor                                 =  1.0000
Using current reciprocal lattice vectors for BandLinesScale
Beware any cell changes by the end of the run.
Using current reciprocal lattice vectors for BandLinesScale
Beware any cell changes by the end of the run.

superc: Internal auxiliary supercell:     7 x     7 x     1  =      49
superc: Number of atoms, orbitals, and projectors:    147   2695   6370
 
 
ts: **************************************************************
ts: Save H and S matrices                           =    F
ts: Save TSHS files in MD/FC simulation             =    F
ts: Save DM and EDM matrices                        =    F
ts: Only save the overlap matrix S                  =    F
ts: **************************************************************
 
************************ Begin: TS CHECKS AND WARNINGS ************************
************************ End: TS CHECKS AND WARNINGS **************************


                     ====================================
                        Single-point calculation
                     ====================================

superc: Internal auxiliary supercell:     7 x     7 x     1  =      49
superc: Number of atoms, orbitals, and projectors:    147   2695   6370

outcell: Unit cell vectors (Ang):
        3.300000    0.000000    0.000000
        1.650000    2.857884    0.000000
        0.000000    0.000000   25.000000

outcell: Cell vector modules (Ang)   :    3.300000    3.300000   25.000000
outcell: Cell angles (23,13,12) (deg):     90.0000     90.0000     60.0000
outcell: Cell volume (Ang**3)        :    235.7754
<dSpData1D:S at geom step 0
  <sparsity:sparsity for geom step 0
    nrows_g=55 nrows=55 sparsity=9.6367 nnzs=29151, refcount: 8>
  <dData1D:(new from dSpData1D) n=29151, refcount: 1>
refcount: 1>
new_DM -- step:     1
Initializing Density Matrix...
 
Attempting to read DM from file... Failed...
DM filled with atomic data (user-defined):
<dSpData2D:DM initialized from atoms
  <sparsity:sparsity for geom step 0
    nrows_g=55 nrows=55 sparsity=9.6367 nnzs=29151, refcount: 9>
  <dData2D:DM n=29151 m=8, refcount: 1>
refcount: 1>

InitMesh: MESH = 20 x 20 x 180 = 72000
InitMesh: Mesh cutoff (required, used) =   120.000   135.355 Ry
New grid distribution [1]: sub = 2

stepf: Fermi-Dirac step function

siesta: Program's energy decomposition (eV):
siesta: Ebs     =     -1875.584110
siesta: Eions   =     10679.859689
siesta: Ena     =      1461.629258
siesta: Ekin    =      4795.053827
siesta: Enl(+so)=     -2568.207513
siesta: Eso(nil)=         0.000000
siesta: Edftu   =         0.000000
siesta: DEna    =        91.649223
siesta: DUscf   =        10.394143
siesta: DUext   =         0.000000
siesta: Ex      =     -1665.595035
siesta: Ec      =       -98.616202
siesta: Exc     =     -1764.211238
siesta: EbV     =         0.000000
siesta: eta*DQ  =         0.000000
siesta: Emadel  =         0.000000
siesta: Emeta   =         0.000000
siesta: Emolmec =         0.000000
siesta: Ekinion =         0.000000
siesta: Eharris =     -8634.926061
siesta: Etot    =     -8653.551990
siesta: FreeEng =     -8653.551990

        iscf     Eharris(eV)        E_KS(eV)     FreeEng(eV)     dDmax    Ef(eV) dHmax(eV)
   scf:    1    -8634.926061    -8653.551990    -8653.551990  0.689956 -1.736671 21.481191
     spin moment: {S} , |S| = {    0.00000   -0.00000   -0.00000 }     0.00000
timer: Routine,Calls,Time,% = IterSCF        1       2.598  11.98
   scf:    2    -8659.799990    -8660.514942    -8660.514942  0.201331 -3.973370  2.600285
     spin moment: {S} , |S| = {    0.00000    0.00000    0.00000 }     0.00000
   scf:    3    -8660.839883    -8660.747738    -8660.747738  0.041034 -3.432250  1.354408
     spin moment: {S} , |S| = {    0.00000    0.00000    0.00000 }     0.00000
   scf:    4    -8660.901005    -8660.827874    -8660.827874  0.040937 -3.642058  0.575892
     spin moment: {S} , |S| = {   -0.00000    0.00000    0.00000 }     0.00000
   scf:    5    -8660.807358    -8660.818205    -8660.818205  0.002225 -3.671076  0.860838
     spin moment: {S} , |S| = {    0.00000    0.00000   -0.00000 }     0.00000
   scf:    6    -8660.823943    -8660.835401    -8660.835401  0.010972 -3.593463  0.372052
     spin moment: {S} , |S| = {   -0.00000   -0.00000   -0.00000 }     0.00000
   scf:    7    -8660.840439    -8660.838119    -8660.838119  0.001976 -3.608911  0.121958
     spin moment: {S} , |S| = {    0.00000    0.00000    0.00000 }     0.00000
   scf:    8    -8660.838649    -8660.838413    -8660.838413  0.000967 -3.621725  0.000940
     spin moment: {S} , |S| = {    0.00000    0.00000    0.00000 }     0.00000
   scf:    9    -8660.838411    -8660.838413    -8660.838413  0.000023 -3.621639  0.001072
     spin moment: {S} , |S| = {    0.00000    0.00000    0.00000 }     0.00000
   scf:   10    -8660.838407    -8660.838413    -8660.838413  0.000059 -3.621198  0.000329
     spin moment: {S} , |S| = {    0.00000    0.00000    0.00000 }     0.00000
   scf:   11    -8660.838423    -8660.838413    -8660.838413  0.000008 -3.621302  0.000044
     spin moment: {S} , |S| = {    0.00000    0.00000    0.00000 }     0.00000
   scf:   12    -8660.838412    -8660.838413    -8660.838413  0.000000 -3.621299  0.000028
     spin moment: {S} , |S| = {   -0.00000   -0.00000    0.00000 }     0.00000
   scf:   13    -8660.838411    -8660.838413    -8660.838413  0.000002 -3.621290  0.000007
     spin moment: {S} , |S| = {    0.00000   -0.00000   -0.00000 }     0.00000
   scf:   14    -8660.838413    -8660.838413    -8660.838413  0.000000 -3.621290  0.000004
     spin moment: {S} , |S| = {    0.00000   -0.00000    0.00000 }     0.00000
   scf:   15    -8660.838413    -8660.838413    -8660.838413  0.000000 -3.621290  0.000001
     spin moment: {S} , |S| = {    0.00000   -0.00000    0.00000 }     0.00000
   scf:   16    -8660.838413    -8660.838413    -8660.838413  0.000000 -3.621290  0.000001
     spin moment: {S} , |S| = {   -0.00000   -0.00000    0.00000 }     0.00000

SCF Convergence by DM+H criterion
max |DM_out - DM_in|         :     0.0000000184
max |H_out - H_in|      (eV) :     0.0000011665
SCF cycle converged after 16 iterations

Using DM_out to compute the final energy and forces

siesta: E_KS(eV) =            -8660.8384

siesta: E_KS - E_eggbox =     -8660.8384

siesta: Atomic forces (eV/Ang):
----------------------------------------
   Tot    0.016726    0.009656   -0.000000
----------------------------------------
   Max    0.834350
   Res    0.393353    sqrt( Sum f_i^2 / 3N )
----------------------------------------
   Max    0.834350    constrained

Stress tensor Voigt[x,y,z,yz,xz,xy] (kbar):      -16.47      -13.31      -21.05       -0.00       -0.00       -2.73
(Free)E + p*V (eV/cell)    -8658.3452
Target enthalpy (eV/cell)    -8660.8384
Computing bands...
Writing WFSX for bands in WSe2.bands.WFSX
 
diag: Algorithm                                     = D&C
diag: Parallel over k                               =   F
diag: Use parallel 2D distribution                  =   F
diag: Parallel block-size                           = 56
diag: Parallel distribution                         =     1 x     1
diag: Used triangular part                          = Lower
diag: Absolute tolerance                            =  0.100E-15
diag: Orthogonalization factor                      =  0.100E-05
diag: Memory factor                                 =  1.0000
 
diag: Algorithm                                     = D&C
diag: Parallel over k                               =   F
diag: Use parallel 2D distribution                  =   F
diag: Parallel block-size                           = 56
diag: Parallel distribution                         =     1 x     1
diag: Used triangular part                          = Lower
diag: Absolute tolerance                            =  0.100E-15
diag: Orthogonalization factor                      =  0.100E-05
diag: Memory factor                                 =  1.0000

siesta: Program's energy decomposition (eV):
siesta: Ebs     =     -1624.046666
siesta: Eions   =     10679.859689
siesta: Ena     =      1461.629258
siesta: Ekin    =      4836.830888
siesta: Enl(+so)=     -2558.031552
siesta: Eso(nil)=         0.000000
siesta: Edftu   =         0.000000
siesta: DEna    =        49.109818
siesta: DUscf   =         1.005272
siesta: DUext   =         0.000000
siesta: Ex      =     -1672.611878
siesta: Ec      =       -98.910531
siesta: Exc     =     -1771.522408
siesta: EbV     =         0.000000
siesta: eta*DQ  =         0.000000
siesta: Emadel  =         0.000000
siesta: Emeta   =         0.000000
siesta: Emolmec =         0.000000
siesta: Ekinion =         0.000000
siesta: Eharris =     -8660.838413
siesta: Etot    =     -8660.838413
siesta: FreeEng =     -8660.838413

siesta: Final energy (eV):
siesta:  Band Struct. =   -1624.046666
siesta:       Kinetic =    4836.830888
siesta:       Hartree =   28423.989073
siesta:         Edftu =       0.000000
siesta:      Eso(nil) =       0.000000
siesta:    Ext. field =       0.000000
siesta:         Exch. =   -1672.611878
siesta:         Corr. =     -98.910531
siesta:     Bulk bias =       0.000000
siesta:   Exch.-corr. =   -1771.522408
siesta:  Ion-electron =  -62074.158690
siesta:       Ion-ion =   21924.022725
siesta:       Ekinion =       0.000000
siesta: D3 dispersion =       0.000000
siesta:         Total =   -8660.838413
siesta:         Fermi =      -3.621290

siesta: Atomic forces (eV/Ang):
siesta:      1   -0.002636   -0.001522    0.000000
siesta:      2    0.009681    0.005589    0.834350
siesta:      3    0.009681    0.005589   -0.834350
siesta: ----------------------------------------
siesta:    Tot    0.016726    0.009656   -0.000000

siesta: Stress tensor (static) (eV/Ang**3):
siesta:    -0.010277   -0.001705   -0.000000
siesta:    -0.001705   -0.008308   -0.000000
siesta:    -0.000000   -0.000000   -0.013139

siesta: Cell volume =        235.775415 Ang**3

siesta: Pressure (static):
siesta:                Solid            Molecule  Units
siesta:           0.00011517          0.00007127  Ry/Bohr**3
siesta:           0.01057470          0.00654356  eV/Ang**3
siesta:          16.94253294         10.48393937  kBar

Basis Enthalpy Calculation:
    Basis Pressure for species 1(W) :      0.2000000 GPa
    Basis Pressure for species 2(Se) :      0.2000000 GPa

    Orbital volume contribution        =           1.732956 eV
    (Free)E + p_basis*V_orbitals       =       -8659.105457 eV
    (Free)Eharris+ p_basis*V_orbitals  =       -8659.105457 eV
WARNING: BASIS_ENTHALPY and BASIS_HARRIS_ENTHALPY files are deprecated. They will be removed in future releases.
Please use system_label.BASIS_ENTHALPY in your scripts instead.

siesta: Electric dipole (a.u.)  =    0.000000    0.000000    0.000000
siesta: Electric dipole (Debye) =    0.000000    0.000000    0.000000

cite: Please indicate the Siesta version in published work: 5.4.1
cite: This calculation has made use of features in the following articles
cite: which we encourage you to cite in published work.
cite: (Please see "WSe2.bib" for a BibTeX file.)
        Primary SIESTA paper
          DOI: www.doi.org/10.1088/0953-8984/14/11/302
        Spin-orbit coupling (off-site approximation)
          DOI: www.doi.org/10.1088/0953-8984/24/8/086005
        PSML pseudopotential format
          DOI: www.doi.org/10.1016/j.cpc.2018.02.011
 

timer: Elapsed wall time (sec) =      63.567
timer: CPU execution times (sec):

Routine            Calls   Time/call    Tot.time        %
siesta                 1      62.047      62.047   100.00
Setup                  1       0.386       0.386     0.62
bands                  3       0.009       0.026     0.04
KSV_init               1       0.000       0.000     0.00
IterGeom               1      61.622      61.622    99.31
geom_init              1      18.709      18.709    30.15
state_init             1      17.554      17.554    28.29
hsparse                1       0.006       0.006     0.01
overlap                1       0.009       0.009     0.01
Setup_H0               1       0.650       0.650     1.05
naefs                  2       0.000       0.000     0.00
dnaefs                 1       0.000       0.000     0.00
two-body               1       0.000       0.000     0.00
MolMec                 2       0.000       0.000     0.00
kinefsm                2       0.009       0.019     0.03
nlefsm                 2       0.438       0.877     1.41
DHSCF_Init             1       0.212       0.212     0.34
DHSCF1                 1       0.018       0.018     0.03
InitMesh               1       0.018       0.018     0.03
INITMESH               1       0.000       0.000     0.00
DHSCF2                 1       0.194       0.194     0.31
REMESH                 1       0.018       0.018     0.03
REORD                164       0.000       0.039     0.06
PHION                  1       0.149       0.149     0.24
COMM_BSC             294       0.000       0.047     0.08
POISON                19       0.006       0.107     0.17
fft                   38       0.002       0.076     0.12
setup_H               17       0.499       8.482    13.67
DHSCF                 18       0.532       9.568    15.42
DHSCF3                18       0.498       8.955    14.43
rhoofd                18       0.247       4.444     7.16
XC                    18       0.059       1.060     1.71
GXC-CellXC            18       0.057       1.035     1.67
gridxc@cellXC         18       0.057       1.035     1.67
vmat                  18       0.182       3.279     5.28
IterSCF               16       2.583      41.328    66.61
compute_dm            16       2.070      33.124    53.39
diagon                16       2.070      33.116    53.37
cdiag               7205       0.002      13.729    22.13
cdiag1              7205       0.000       1.910     3.08
cdiag2              7205       0.000       2.304     3.71
cdiag3              7205       0.001       9.097    14.66
cdiag4              3605       0.000       0.197     0.32
MIXER                 15       0.008       0.118     0.19
PostSCF                1       1.582       1.582     2.55
FINAL_HF               1       1.582       1.582     2.55
DHSCF4                 1       0.613       0.613     0.99
dfscf                  1       0.592       0.592     0.95
overfsm                1       0.010       0.010     0.02
writeHSX               1       0.005       0.005     0.01
state_analysis         1       0.001       0.001     0.00
siesta_move            1       0.000       0.000     0.00
Analysis               1       0.037       0.037     0.06
optical                1       0.000       0.000     0.00
  
 
>> End of run:  10-APR-2026  16:17:06
Job completed
TACC:  Shutdown complete. Exiting. 
